2666666666666666666666666666666666666
2469135802468641975308642
2666666666666666666666666666666666666
455
2469135802468641975308642
2666666666666666666666666666666666666
