12500119068135510769663
8948283251015486611676009573033
