49
1000000000000
1524157875019052100
999999999\
999999999999999999999999999999999999999999999999999999999999997000000\
000000000000000000000000000000000000000000000000000000000000000002999\
999999999999999999999999999999999999999999999999999999999999999999999
